Microchip MPLAB XC8 Compiler V2.46

Linker command line:

-W-2 \
  --edf=C:\Program Files\Microchip\xc8\v2.46\pic\dat\20240104201356_en.msgs \
  -cn -h+dist/default/debug\PIC18F46K22_ILI9341.X.debug.sym \
  --cmf=dist/default/debug\PIC18F46K22_ILI9341.X.debug.cmf -z -Q18F46K22 \
  -oC:\Users\kabay\AppData\Local\Temp\xcAs6sc.\driver_tmp_3.o \
  --defsym=__MPLAB_BUILD=1 --fixupoverflow=error \
  -Mdist/default/debug/PIC18F46K22_ILI9341.X.debug.map \
  --md=C:\Users\kabay\AppData\Local\Temp\xcAs6sc.\driver_tmp_0.dat -E1 \
  -ver=XC8 Compiler --acfsm=1493 -ACODE=00h-0FFFFh -ACONST=00h-0FFFFh \
  -ASMALLCONST=01000h-010FFhx240 -AMEDIUMCONST=01000h-0FFFFh \
  -ACOMRAM=01h-05Fh -AABS1=00h-0F37h -ABIGRAM=01h-0F37h \
  -ARAM=060h-0FFh,0100h-01FFhx14,0F00h-0F37h -ABANK0=060h-0FFh \
  -ABANK1=0100h-01FFh -ABANK2=0200h-02FFh -ABANK3=0300h-03FFh \
  -ABANK4=0400h-04FFh -ABANK5=0500h-05FFh -ABANK6=0600h-06FFh \
  -ABANK7=0700h-07FFh -ABANK8=0800h-08FFh -ABANK9=0900h-09FFh \
  -ABANK10=0A00h-0AFFh -ABANK11=0B00h-0BFFh -ABANK12=0C00h-0CFFh \
  -ABANK13=0D00h-0DFFh -ABANK14=0E00h-0EFFh -ABANK15=0F00h-0F37h \
  -ASFR=0F38h-0F5Fh,0F60h-0FFCh -ABIGSFR=0F38h-0FFCh \
  -ACONFIG=0300000h-030000Dh -AIDLOC=0200000h-0200007h \
  -AEEDATA=0F00000h-0F003FFh -peeprom_data=EEDATA \
  -preset_vec=00h,intcode,sivt_hi,intcodelo,sivt_lo,powerup,init \
  -pramtop=01000h -psmallconst=SMALLCONST -pmediumconst=MEDIUMCONST \
  -pconst=CONST -AFARRAM=00h-00h \
  -prdata=COMRAM,nvrram=COMRAM,nvbit=COMRAM,rbss=COMRAM,rbit=COMRAM \
  -pfarbss=FARRAM,fardata=FARRAM,nvFARRAM=FARRAM \
  -pintsave_regs=BIGRAM,bigbss=BIGRAM,bigdata=BIGRAM -pbss=RAM \
  -pidata=CODE,irdata=CODE,ibigdata=CODE,ifardata=CODE -prparam=COMRAM \
  C:\Users\kabay\AppData\Local\Temp\xcAs6sc.\driver_tmp_14.o \
  dist/default/debug\PIC18F46K22_ILI9341.X.debug.o 

Object code version is 3.11

Machine type is 18F46K22



                Name                               Link     Load   Length Selector   Space Scale
C:\Users\kabay\AppData\Local\Temp\xcAs6sc.\driver_tmp_14.o
                idloc                            200000   200000        8        0       5
                config                           300000   300000        E        0       4
                init                                  2        2        4        0       0
                reset_vec                             0        0        2        0       0
dist/default/debug\PIC18F46K22_ILI9341.X.debug.o
                idloc                            200000   200000        8        0       5
                config                           300000   300000        E        0       4
                mediumconst                        CD2A     CD2A     32D6     6695       0
                text37                             AD34     AD34        4     569A       0
                text36                             AD60     AD60       12     56B0       0
                text35                             AD86     AD86       18     56C3       0
                text34                             AF64     AF64       52     57B2       0
                text33                             B10C     B10C       8C     5886       0
                text32                             B516     B516       CC     5A8B       0
                text31                             BB9A     BB9A      1C0     5DCD       0
                text30                             C3D4     C3D4      380     61EA       0
                text29                             B016     B016       6C     580B       0
                text28                             B6AE     B6AE       DC     5B57       0
                text27                             B5E2     B5E2       CC     5AF1       0
                text26                             AE36     AE36       38     571B       0
                text25                             ADBC     ADBC       20     56DE       0
                text24                             AD40     AD40       10     56A0       0
                text23                             AD50     AD50       10     56A8       0
                text22                             BF66     BF66      214     5FB3       0
                text21                             ADDC     ADDC       26     56EE       0
                text20                             C17A     C17A      25A     60BD       0
                text19                             B3A0     B3A0       B2     59D0       0
                text18                             BD5A     BD5A      20C     5EAD       0
                text17                             B9F8     B9F8      1A2     5CFC       0
                text16                             AD38     AD38        8     569C       0
                text15                             AD9E     AD9E       1E     56CF       0
                text14                             AD72     AD72       14     56B9       0
                text13                             AFB6     AFB6       60     57DB       0
                text12                             B452     B452       C4     5A29       0
                text11                             B2F0     B2F0       B0     5978       0
                text10                             AE02     AE02       34     5701       0
                text9                              AD2E     AD2E        2     5697       0
                text8                              B198     B198       AA     58CC       0
                text7                              AEA6     AEA6       3C     5753       0
                text6                              B082     B082       8A     5841       0
                text5                              B8B8     B8B8      140     5C5C       0
                text4                              B242     B242       AE     5921       0
                text3                              B78A     B78A      12E     5BC5       0
                text2                              AF22     AF22       42     5791       0
                text1                              AE6E     AE6E       38     5737       0
                text0                              C754     C754      5D6     63AA       0
                cstackCOMRAM                          1        1       58        1       1
                dataBANK0                            86       86        3       60       1
                bssBANK0                             60       60       26       60       1
                bssCOMRAM                            59       59        7        1       1
                cinit                              AEE2     AEE2       40     5771       0
                idataBANK0                         AD31     AD31        3     AD31       0

TOTAL           Name                               Link     Load   Length     Space
        CLASS   CODE           
                init                                  2        2        4         0
                reset_vec                             0        0        2         0
                text37                             AD34     AD34        4         0
                text36                             AD60     AD60       12         0
                text35                             AD86     AD86       18         0
                text34                             AF64     AF64       52         0
                text33                             B10C     B10C       8C         0
                text32                             B516     B516       CC         0
                text31                             BB9A     BB9A      1C0         0
                text30                             C3D4     C3D4      380         0
                text29                             B016     B016       6C         0
                text28                             B6AE     B6AE       DC         0
                text27                             B5E2     B5E2       CC         0
                text26                             AE36     AE36       38         0
                text25                             ADBC     ADBC       20         0
                text24                             AD40     AD40       10         0
                text23                             AD50     AD50       10         0
                text22                             BF66     BF66      214         0
                text21                             ADDC     ADDC       26         0
                text20                             C17A     C17A      25A         0
                text19                             B3A0     B3A0       B2         0
                text18                             BD5A     BD5A      20C         0
                text17                             B9F8     B9F8      1A2         0
                text16                             AD38     AD38        8         0
                text15                             AD9E     AD9E       1E         0
                text14                             AD72     AD72       14         0
                text13                             AFB6     AFB6       60         0
                text12                             B452     B452       C4         0
                text11                             B2F0     B2F0       B0         0
                text10                             AE02     AE02       34         0
                text9                              AD2E     AD2E        2         0
                text8                              B198     B198       AA         0
                text7                              AEA6     AEA6       3C         0
                text6                              B082     B082       8A         0
                text5                              B8B8     B8B8      140         0
                text4                              B242     B242       AE         0
                text3                              B78A     B78A      12E         0
                text2                              AF22     AF22       42         0
                text1                              AE6E     AE6E       38         0
                text0                              C754     C754      5D6         0
                cinit                              AEE2     AEE2       40         0
                idataBANK0                         AD31     AD31        3         0

        CLASS   CONST          

        CLASS   SMALLCONST     

        CLASS   MEDIUMCONST    
                mediumconst                        CD2A     CD2A     32D6         0

        CLASS   COMRAM         
                cstackCOMRAM                          1        1       58         1
                bssCOMRAM                            59       59        7         1

        CLASS   ABS1           

        CLASS   BIGRAM         

        CLASS   RAM            

        CLASS   BANK0          
                dataBANK0                            86       86        3         1
                bssBANK0                             60       60       26         1

        CLASS   BANK1          

        CLASS   BANK2          

        CLASS   BANK3          

        CLASS   BANK4          

        CLASS   BANK5          

        CLASS   BANK6          

        CLASS   BANK7          

        CLASS   BANK8          

        CLASS   BANK9          

        CLASS   BANK10         

        CLASS   BANK11         

        CLASS   BANK12         

        CLASS   BANK13         

        CLASS   BANK14         

        CLASS   BANK15         

        CLASS   SFR            

        CLASS   BIGSFR         

        CLASS   CONFIG         
                config                           300000   300000        E         4

        CLASS   IDLOC          
                idloc                            200000   200000        8         5

        CLASS   EEDATA         

        CLASS   FARRAM         

        CLASS   HEAP           

        CLASS   STACK          



SEGMENTS        Name                           Load    Length   Top    Selector   Space  Class

                reset_vec                      000000  000006  000006         0       0  CODE    
                cstackCOMRAM                   000001  00005F  000060         1       1  COMRAM  
                bssBANK0                       000060  000029  000089        60       1  BANK0   
                text9                          00AD2E  000002  00AD30      5697       0  CODE    
                idataBANK0                     00AD31  000003  00AD34      AD31       0  CODE    
                text37                         00AD34  000004  00AD38      569A       0  CODE    
                text16                         00AD38  000008  00AD40      569C       0  CODE    
                text24                         00AD40  000010  00AD50      56A0       0  CODE    
                text23                         00AD50  000010  00AD60      56A8       0  CODE    
                text36                         00AD60  000012  00AD72      56B0       0  CODE    
                text14                         00AD72  000014  00AD86      56B9       0  CODE    
                text35                         00AD86  000018  00AD9E      56C3       0  CODE    
                text15                         00AD9E  00001E  00ADBC      56CF       0  CODE    
                text25                         00ADBC  000020  00ADDC      56DE       0  CODE    
                text21                         00ADDC  000026  00AE02      56EE       0  CODE    
                text10                         00AE02  000034  00AE36      5701       0  CODE    
                text26                         00AE36  000038  00AE6E      571B       0  CODE    
                text1                          00AE6E  000038  00AEA6      5737       0  CODE    
                text7                          00AEA6  00003C  00AEE2      5753       0  CODE    
                cinit                          00AEE2  000040  00AF22      5771       0  CODE    
                text2                          00AF22  000042  00AF64      5791       0  CODE    
                text34                         00AF64  000052  00AFB6      57B2       0  CODE    
                text13                         00AFB6  000060  00B016      57DB       0  CODE    
                text29                         00B016  00006C  00B082      580B       0  CODE    
                text6                          00B082  00008A  00B10C      5841       0  CODE    
                text33                         00B10C  00008C  00B198      5886       0  CODE    
                text8                          00B198  0000AA  00B242      58CC       0  CODE    
                text4                          00B242  0000AE  00B2F0      5921       0  CODE    
                text11                         00B2F0  0000B0  00B3A0      5978       0  CODE    
                text19                         00B3A0  0000B2  00B452      59D0       0  CODE    
                text12                         00B452  0000C4  00B516      5A29       0  CODE    
                text32                         00B516  0000CC  00B5E2      5A8B       0  CODE    
                text27                         00B5E2  0000CC  00B6AE      5AF1       0  CODE    
                text28                         00B6AE  0000DC  00B78A      5B57       0  CODE    
                text3                          00B78A  00012E  00B8B8      5BC5       0  CODE    
                text5                          00B8B8  000140  00B9F8      5C5C       0  CODE    
                text17                         00B9F8  0001A2  00BB9A      5CFC       0  CODE    
                text31                         00BB9A  0001C0  00BD5A      5DCD       0  CODE    
                text18                         00BD5A  00020C  00BF66      5EAD       0  CODE    
                text22                         00BF66  000214  00C17A      5FB3       0  CODE    
                text20                         00C17A  00025A  00C3D4      60BD       0  CODE    
                text30                         00C3D4  000380  00C754      61EA       0  CODE    
                text0                          00C754  0005D6  00CD2A      63AA       0  CODE    
                mediumconst                    00CD2A  0032D6  010000      6695       0  MEDIUMCO


UNUSED ADDRESS RANGES

        Name                Unused          Largest block    Delta
        BANK0            000089-0000FF               77
        BANK1            000100-0001FF              100
        BANK10           000A00-000AFF              100
        BANK11           000B00-000BFF              100
        BANK12           000C00-000CFF              100
        BANK13           000D00-000DFF              100
        BANK14           000E00-000EFF              100
        BANK15           000F00-000F37               38
        BANK2            000200-0002FF              100
        BANK3            000300-0003FF              100
        BANK4            000400-0004FF              100
        BANK5            000500-0005FF              100
        BANK6            000600-0006FF              100
        BANK7            000700-0007FF              100
        BANK8            000800-0008FF              100
        BANK9            000900-0009FF              100
        BIGRAM           000089-000F37              EAF
        BIGSFR           000F38-000FFC               C5
        CODE             000006-00AD2D             AD28
                         00AD30-00AD30                1
        CONST            000006-00AD2D             AD28
                         00AD30-00AD30                1
        EEDATA           F00000-F003FF              400
        MEDIUMCONST      001000-00AD2D             9D2E
                         00AD30-00AD30                1
        RAM              000089-000F37              100
        SFR              000F38-000FFC               28
        SMALLCONST       001000-00AD2D              100
                         00AD30-00AD30                1

                                  Symbol Table

?___awdiv                    cstackCOMRAM 000001
?___awmod                    cstackCOMRAM 000001
?___wmul                     cstackCOMRAM 000001
?_abs                        cstackCOMRAM 000007
?_read_prec_or_width         cstackCOMRAM 000007
?_sprintf                    cstackCOMRAM 000031
?_vfprintf                   cstackCOMRAM 00002B
Delay_ms@count               cstackCOMRAM 000001
Delay_ms@i                   cstackCOMRAM 000004
SPI1_Write@data              cstackCOMRAM 000001
TFT_Box@DH                   cstackCOMRAM 000018
TFT_Box@DL                   cstackCOMRAM 000019
TFT_Box@color                cstackCOMRAM 000012
TFT_Box@i                    cstackCOMRAM 000014
TFT_Box@j                    cstackCOMRAM 000016
TFT_Box@x1                   cstackCOMRAM 00000A
TFT_Box@x2                   cstackCOMRAM 00000E
TFT_Box@y1                   cstackCOMRAM 00000C
TFT_Box@y2                   cstackCOMRAM 000010
TFT_Circle@color             cstackCOMRAM 000017
TFT_Circle@radius            cstackCOMRAM 000015
TFT_Circle@radiusError       cstackCOMRAM 00001B
TFT_Circle@x                 cstackCOMRAM 00001D
TFT_Circle@x1                cstackCOMRAM 000011
TFT_Circle@y                 cstackCOMRAM 00001F
TFT_Circle@y1                cstackCOMRAM 000013
TFT_ColumnPage@x1            cstackCOMRAM 000002
TFT_ColumnPage@x2            cstackCOMRAM 000004
TFT_ColumnPage@y1            cstackCOMRAM 000006
TFT_ColumnPage@y2            cstackCOMRAM 000008
TFT_ConstText@buffer         cstackCOMRAM 00001B
TFT_ConstText@color1         cstackCOMRAM 000021
TFT_ConstText@color2         cstackCOMRAM 000023
TFT_ConstText@x              cstackCOMRAM 00001D
TFT_ConstText@y              cstackCOMRAM 00001F
TFT_Dot@color                cstackCOMRAM 00000E
TFT_Dot@i                    cstackCOMRAM 000010
TFT_Dot@x                    cstackCOMRAM 00000A
TFT_Dot@y                    cstackCOMRAM 00000C
TFT_FillScreen@DH            cstackCOMRAM 00000C
TFT_FillScreen@DL            cstackCOMRAM 00000D
TFT_FillScreen@color         cstackCOMRAM 00000A
TFT_FillScreen@i             cstackCOMRAM 00000E
TFT_FillScreen@j             cstackCOMRAM 000010
TFT_Icon@buffer              cstackCOMRAM 00000A
TFT_Icon@height_             cstackCOMRAM 000011
TFT_Icon@i                   cstackCOMRAM 000016
TFT_Icon@j                   cstackCOMRAM 000018
TFT_Icon@width_              cstackCOMRAM 000010
TFT_Icon@x                   cstackCOMRAM 00000C
TFT_Icon@y                   cstackCOMRAM 00000E
TFT_Line@color               cstackCOMRAM 000019
TFT_Line@dx1                 cstackCOMRAM 000021
TFT_Line@dx2                 cstackCOMRAM 000027
TFT_Line@dy1                 cstackCOMRAM 000023
TFT_Line@dy2                 cstackCOMRAM 000025
TFT_Line@h                   cstackCOMRAM 00002F
TFT_Line@i                   cstackCOMRAM 00001D
TFT_Line@longest             cstackCOMRAM 00002B
TFT_Line@numerator           cstackCOMRAM 00001F
TFT_Line@shortest            cstackCOMRAM 000029
TFT_Line@w                   cstackCOMRAM 00002D
TFT_Line@x1                  cstackCOMRAM 000011
TFT_Line@x2                  cstackCOMRAM 000015
TFT_Line@y1                  cstackCOMRAM 000013
TFT_Line@y2                  cstackCOMRAM 000017
TFT_Rectangle@color          cstackCOMRAM 000039
TFT_Rectangle@x1             cstackCOMRAM 000031
TFT_Rectangle@x2             cstackCOMRAM 000035
TFT_Rectangle@y1             cstackCOMRAM 000033
TFT_Rectangle@y2             cstackCOMRAM 000037
TFT_RectangleRound@color     cstackCOMRAM 00003B
TFT_RectangleRound@radius    cstackCOMRAM 000039
TFT_RectangleRound@x1        cstackCOMRAM 000031
TFT_RectangleRound@x2        cstackCOMRAM 000035
TFT_RectangleRound@y1        cstackCOMRAM 000033
TFT_RectangleRound@y2        cstackCOMRAM 000037
TFT_RoundEdge@alignment      cstackCOMRAM 000015
TFT_RoundEdge@color          cstackCOMRAM 000019
TFT_RoundEdge@radius         cstackCOMRAM 000017
TFT_RoundEdge@radiusError    cstackCOMRAM 00001D
TFT_RoundEdge@x              cstackCOMRAM 00001F
TFT_RoundEdge@x1             cstackCOMRAM 000011
TFT_RoundEdge@y              cstackCOMRAM 000021
TFT_RoundEdge@y1             cstackCOMRAM 000013
TFT_SetDotSize@size_         cstackCOMRAM 000001
TFT_SetFont@font_            cstackCOMRAM 000001
TFT_SetFont@letterspacing    cstackCOMRAM 000003
TFT_Text@buffer              cstackCOMRAM 00001B
TFT_Text@color1              cstackCOMRAM 000020
TFT_Text@color2              cstackCOMRAM 000022
TFT_Text@x                   cstackCOMRAM 00001C
TFT_Text@y                   cstackCOMRAM 00001E
TFT_WriteChar@c              cstackCOMRAM 000015
TFT_WriteChar@color1         cstackCOMRAM 00000E
TFT_WriteChar@color2         cstackCOMRAM 000010
TFT_WriteChar@i              cstackCOMRAM 000016
TFT_WriteChar@j              cstackCOMRAM 00001A
TFT_WriteChar@k              cstackCOMRAM 000017
TFT_WriteChar@p              cstackCOMRAM 000018
TFT_WriteChar@x              cstackCOMRAM 00000A
TFT_WriteChar@y              cstackCOMRAM 00000C
TFT_WriteCommand@command     cstackCOMRAM 000002
TFT_WriteParameter@parameter cstackCOMRAM 000002
_ANSELA                      (abs)        000F38
_ANSELB                      (abs)        000F39
_ANSELC                      (abs)        000F3A
_ANSELD                      (abs)        000F3B
_ANSELE                      (abs)        000F3C
_Courier_New_Bold_20         mediumconst  00ED2B
_Delay_ms                    text26       00AE36
_LATDbits                    (abs)        000F8C
_OSCCON                      (abs)        000FD3
_OSCTUNEbits                 (abs)        000F9B
_PORTA                       (abs)        000F80
_PORTB                       (abs)        000F81
_PORTC                       (abs)        000F82
_PORTD                       (abs)        000F83
_PORTE                       (abs)        000F84
_SPI1_Close                  text37       00AD34
_SPI1_Init                   text36       00AD60
_SPI1_Write                  text35       00AD86
_SSP1BUF                     (abs)        000FC9
_SSP1CON1                    (abs)        000FC6
_SSP1STAT                    (abs)        000FC7
_SSP1STATbits                (abs)        000FC7
_TFT_Box                     text33       00B10C
_TFT_CharHeight              text15       00AD9E
_TFT_Circle                  text31       00BB9A
_TFT_ColumnPage              text34       00AF64
_TFT_ConstText               text29       00B016
_TFT_Dot                     text32       00B516
_TFT_FillScreen              text27       00B5E2
_TFT_Icon                    text28       00B6AE
_TFT_Init                    text22       00BF66
_TFT_Line                    text20       00C17A
_TFT_Rectangle               text19       00B3A0
_TFT_RectangleRound          text17       00B9F8
_TFT_Reset                   text25       00ADBC
_TFT_RoundEdge               text18       00BD5A
_TFT_SetDotSize              text16       00AD38
_TFT_SetFont                 text14       00AD72
_TFT_Text                    text13       00AFB6
_TFT_WriteChar               text30       00C3D4
_TFT_WriteCommand            text24       00AD40
_TFT_WriteParameter          text23       00AD50
_TRISA                       (abs)        000F92
_TRISAbits                   (abs)        000F92
_TRISB                       (abs)        000F93
_TRISC                       (abs)        000F94
_TRISCbits                   (abs)        000F94
_TRISD                       (abs)        000F95
_TRISDbits                   (abs)        000F95
_TRISE                       (abs)        000F96
__HRAM                       (abs)        000000
__H__absolute__              __absolute__ 000000
__Habs1                      abs1         000000
__Hbank0                     bank0        000000
__Hbank1                     bank1        000000
__Hbank10                    bank10       000000
__Hbank11                    bank11       000000
__Hbank12                    bank12       000000
__Hbank13                    bank13       000000
__Hbank14                    bank14       000000
__Hbank15                    bank15       000000
__Hbank2                     bank2        000000
__Hbank3                     bank3        000000
__Hbank4                     bank4        000000
__Hbank5                     bank5        000000
__Hbank6                     bank6        000000
__Hbank7                     bank7        000000
__Hbank8                     bank8        000000
__Hbank9                     bank9        000000
__Hbigbss                    bigbss       000000
__Hbigdata                   bigdata      000000
__Hbigram                    bigram       000000
__Hbigsfr                    bigsfr       000000
__Hbss                       bss          000000
__HbssBANK0                  bssBANK0     000000
__HbssCOMRAM                 bssCOMRAM    000000
__Hcinit                     cinit        000000
__Hclrtext                   clrtext      000000
__Hcomram                    comram       000000
__Hconfig                    config       30000E
__Hconst                     const        000000
__HcstackCOMRAM              cstackCOMRAM 000000
__Hdata                      data         000000
__HdataBANK0                 dataBANK0    000000
__Heeprom_data               eeprom_data  000000
__Hfarbss                    farbss       000000
__Hfardata                   fardata      000000
__Hheap                      heap         000000
__Hibigdata                  ibigdata     000000
__Hidata                     idata        000000
__HidataBANK0                idataBANK0   000000
__Hidloc                     idloc        200008
__Hifardata                  ifardata     000000
__Hinit                      init         000006
__Hintcode                   intcode      000002
__Hintcode_body              intcode_body 000000
__Hintcodelo                 intcodelo    000002
__Hintentry                  intentry     000000
__Hintret                    intret       000000
__Hintsave_regs              intsave_regs 000000
__Hirdata                    irdata       000000
__Hmediumconst               mediumconst  010000
__HnvFARRAM                  nvFARRAM     000000
__Hnvbit                     nvbit        000000
__Hnvrram                    nvrram       000000
__Hparam                     rparam       000000
__Hpowerup                   powerup      000002
__Hram                       ram          000000
__Hramtop                    ramtop       001000
__Hrbit                      rbit         000000
__Hrbss                      rbss         000000
__Hrdata                     rdata        000000
__Hreset_vec                 reset_vec    000002
__Hrparam                    rparam       000000
__Hsfr                       sfr          000000
__Hsivt_hi                   sivt_hi      000002
__Hsivt_lo                   sivt_lo      000002
__Hsmallconst                smallconst   000000
__Hspace_0                   (abs)        010000
__Hspace_1                   (abs)        000089
__Hspace_2                   (abs)        000000
__Hspace_4                   (abs)        60000E
__Hstack                     stack        000000
__Hstruct                    struct       000000
__Htemp                      temp         000000
__Htext                      text         000000
__Htext0                     text0        000000
__Htext1                     text1        000000
__Htext10                    text10       000000
__Htext11                    text11       000000
__Htext12                    text12       000000
__Htext13                    text13       000000
__Htext14                    text14       000000
__Htext15                    text15       000000
__Htext16                    text16       000000
__Htext17                    text17       000000
__Htext18                    text18       000000
__Htext19                    text19       000000
__Htext2                     text2        000000
__Htext20                    text20       000000
__Htext21                    text21       000000
__Htext22                    text22       000000
__Htext23                    text23       000000
__Htext24                    text24       000000
__Htext25                    text25       000000
__Htext26                    text26       000000
__Htext27                    text27       000000
__Htext28                    text28       000000
__Htext29                    text29       000000
__Htext3                     text3        000000
__Htext30                    text30       000000
__Htext31                    text31       000000
__Htext32                    text32       000000
__Htext33                    text33       000000
__Htext34                    text34       000000
__Htext35                    text35       000000
__Htext36                    text36       000000
__Htext37                    text37       000000
__Htext4                     text4        000000
__Htext5                     text5        000000
__Htext6                     text6        000000
__Htext7                     text7        000000
__Htext8                     text8        000000
__Htext9                     text9        000000
__LRAM                       (abs)        000001
__L__absolute__              __absolute__ 000000
__Labs1                      abs1         000000
__Lbank0                     bank0        000000
__Lbank1                     bank1        000000
__Lbank10                    bank10       000000
__Lbank11                    bank11       000000
__Lbank12                    bank12       000000
__Lbank13                    bank13       000000
__Lbank14                    bank14       000000
__Lbank15                    bank15       000000
__Lbank2                     bank2        000000
__Lbank3                     bank3        000000
__Lbank4                     bank4        000000
__Lbank5                     bank5        000000
__Lbank6                     bank6        000000
__Lbank7                     bank7        000000
__Lbank8                     bank8        000000
__Lbank9                     bank9        000000
__Lbigbss                    bigbss       000000
__Lbigdata                   bigdata      000000
__Lbigram                    bigram       000000
__Lbigsfr                    bigsfr       000000
__Lbss                       bss          000000
__LbssBANK0                  bssBANK0     000000
__LbssCOMRAM                 bssCOMRAM    000000
__Lcinit                     cinit        000000
__Lclrtext                   clrtext      000000
__Lcomram                    comram       000000
__Lconfig                    config       000000
__Lconst                     const        000000
__LcstackCOMRAM              cstackCOMRAM 000000
__Ldata                      data         000000
__LdataBANK0                 dataBANK0    000000
__Leeprom_data               eeprom_data  000000
__Lfarbss                    farbss       000000
__Lfardata                   fardata      000000
__Lheap                      heap         000000
__Libigdata                  ibigdata     000000
__Lidata                     idata        000000
__LidataBANK0                idataBANK0   000000
__Lidloc                     idloc        000000
__Lifardata                  ifardata     000000
__Linit                      init         000002
__Lintcode                   intcode      000002
__Lintcode_body              intcode_body 000000
__Lintcodelo                 intcodelo    000002
__Lintentry                  intentry     000000
__Lintret                    intret       000000
__Lintsave_regs              intsave_regs 000000
__Lirdata                    irdata       000000
__Lmediumconst               mediumconst  00CD2A
__LnvFARRAM                  nvFARRAM     000000
__Lnvbit                     nvbit        000000
__Lnvrram                    nvrram       000000
__Lparam                     rparam       000000
__Lpowerup                   powerup      000002
__Lram                       ram          000000
__Lramtop                    ramtop       001000
__Lrbit                      rbit         000000
__Lrbss                      rbss         000000
__Lrdata                     rdata        000000
__Lreset_vec                 reset_vec    000000
__Lrparam                    rparam       000000
__Lsfr                       sfr          000000
__Lsivt_hi                   sivt_hi      000002
__Lsivt_lo                   sivt_lo      000002
__Lsmallconst                smallconst   000000
__Lspace_0                   (abs)        000000
__Lspace_1                   (abs)        000000
__Lspace_2                   (abs)        000000
__Lspace_4                   (abs)        000000
__Lstack                     stack        000000
__Lstruct                    struct       000000
__Ltemp                      temp         000000
__Ltext                      text         000000
__Ltext0                     text0        000000
__Ltext1                     text1        000000
__Ltext10                    text10       000000
__Ltext11                    text11       000000
__Ltext12                    text12       000000
__Ltext13                    text13       000000
__Ltext14                    text14       000000
__Ltext15                    text15       000000
__Ltext16                    text16       000000
__Ltext17                    text17       000000
__Ltext18                    text18       000000
__Ltext19                    text19       000000
__Ltext2                     text2        000000
__Ltext20                    text20       000000
__Ltext21                    text21       000000
__Ltext22                    text22       000000
__Ltext23                    text23       000000
__Ltext24                    text24       000000
__Ltext25                    text25       000000
__Ltext26                    text26       000000
__Ltext27                    text27       000000
__Ltext28                    text28       000000
__Ltext29                    text29       000000
__Ltext3                     text3        000000
__Ltext30                    text30       000000
__Ltext31                    text31       000000
__Ltext32                    text32       000000
__Ltext33                    text33       000000
__Ltext34                    text34       000000
__Ltext35                    text35       000000
__Ltext36                    text36       000000
__Ltext37                    text37       000000
__Ltext4                     text4        000000
__Ltext5                     text5        000000
__Ltext6                     text6        000000
__Ltext7                     text7        000000
__Ltext8                     text8        000000
__Ltext9                     text9        000000
__S0                         (abs)        010000
__S1                         (abs)        000089
__S4                         (abs)        000000
__S5                         (abs)        000000
___awdiv                     text12       00B452
___awdiv@counter             cstackCOMRAM 000005
___awdiv@dividend            cstackCOMRAM 000001
___awdiv@divisor             cstackCOMRAM 000003
___awdiv@quotient            cstackCOMRAM 000007
___awdiv@sign                cstackCOMRAM 000006
___awmod                     text11       00B2F0
___awmod@counter             cstackCOMRAM 000005
___awmod@dividend            cstackCOMRAM 000001
___awmod@divisor             cstackCOMRAM 000003
___awmod@sign                cstackCOMRAM 000006
___heap_hi                   (abs)        000000
___heap_lo                   (abs)        000000
___inthi_sp                  stack        000000
___inthi_stack_hi            stack        000000
___inthi_stack_lo            stack        000000
___intlo_sp                  stack        000000
___intlo_stack_hi            stack        000000
___intlo_stack_lo            stack        000000
___param_bank                (abs)        000000
___rparam_used               (abs)        000001
___sp                        stack        000000
___stack_hi                  stack        000000
___stack_lo                  stack        000000
___wmul                      text21       00ADDC
___wmul@multiplicand         cstackCOMRAM 000003
___wmul@multiplier           cstackCOMRAM 000001
___wmul@product              cstackCOMRAM 000005
__accesstop                  (abs)        000060
__activetblptr               (abs)        000002
__end_of_Courier_New_Bold_20 mediumconst  00FFC1
__end_of_Delay_ms            text26       00AE6E
__end_of_SPI1_Close          text37       00AD38
__end_of_SPI1_Init           text36       00AD72
__end_of_SPI1_Write          text35       00AD9E
__end_of_TFT_Box             text33       00B198
__end_of_TFT_CharHeight      text15       00ADBC
__end_of_TFT_Circle          text31       00BD5A
__end_of_TFT_ColumnPage      text34       00AFB6
__end_of_TFT_ConstText       text29       00B082
__end_of_TFT_Dot             text32       00B5E2
__end_of_TFT_FillScreen      text27       00B6AE
__end_of_TFT_Icon            text28       00B78A
__end_of_TFT_Init            text22       00C17A
__end_of_TFT_Line            text20       00C3D4
__end_of_TFT_Rectangle       text19       00B452
__end_of_TFT_RectangleRound  text17       00BB9A
__end_of_TFT_Reset           text25       00ADDC
__end_of_TFT_RoundEdge       text18       00BF66
__end_of_TFT_SetDotSize      text16       00AD40
__end_of_TFT_SetFont         text14       00AD86
__end_of_TFT_Text            text13       00B016
__end_of_TFT_WriteChar       text30       00C754
__end_of_TFT_WriteCommand    text24       00AD50
__end_of_TFT_WriteParameter  text23       00AD60
__end_of___awdiv             text12       00B516
__end_of___awmod             text11       00B3A0
__end_of___wmul              text21       00AE02
__end_of__initialization     cinit        00AF18
__end_of_abs                 text10       00AE36
__end_of_dtoa                text5        00B9F8
__end_of_fputc               text8        00B242
__end_of_fputs               text7        00AEE2
__end_of_icon1               mediumconst  00ED2B
__end_of_main                text0        00CD2A
__end_of_pad                 text6        00B10C
__end_of_putch               text9        00AD30
__end_of_read_prec_or_width  text4        00B2F0
__end_of_sprintf             text1        00AEA6
__end_of_vfpfcnvrt           text3        00B8B8
__end_of_vfprintf            text2        00AF64
__initialization             cinit        00AEE2
__mediumconst                mediumconst  00CD2A
__pbssBANK0                  bssBANK0     000060
__pbssCOMRAM                 bssCOMRAM    000059
__pcinit                     cinit        00AEE2
__pcstackCOMRAM              cstackCOMRAM 000001
__pdataBANK0                 dataBANK0    000086
__pidataBANK0                idataBANK0   00AD31
__pmediumconst               mediumconst  00CD2A
__ptext0                     text0        00C754
__ptext1                     text1        00AE6E
__ptext10                    text10       00AE02
__ptext11                    text11       00B2F0
__ptext12                    text12       00B452
__ptext13                    text13       00AFB6
__ptext14                    text14       00AD72
__ptext15                    text15       00AD9E
__ptext16                    text16       00AD38
__ptext17                    text17       00B9F8
__ptext18                    text18       00BD5A
__ptext19                    text19       00B3A0
__ptext2                     text2        00AF22
__ptext20                    text20       00C17A
__ptext21                    text21       00ADDC
__ptext22                    text22       00BF66
__ptext23                    text23       00AD50
__ptext24                    text24       00AD40
__ptext25                    text25       00ADBC
__ptext26                    text26       00AE36
__ptext27                    text27       00B5E2
__ptext28                    text28       00B6AE
__ptext29                    text29       00B016
__ptext3                     text3        00B78A
__ptext30                    text30       00C3D4
__ptext31                    text31       00BB9A
__ptext32                    text32       00B516
__ptext33                    text33       00B10C
__ptext34                    text34       00AF64
__ptext35                    text35       00AD86
__ptext36                    text36       00AD60
__ptext37                    text37       00AD34
__ptext4                     text4        00B242
__ptext5                     text5        00B8B8
__ptext6                     text6        00B082
__ptext7                     text7        00AEA6
__ptext8                     text8        00B198
__ptext9                     text9        00AD2E
__ramtop                     ramtop       001000
__smallconst                 smallconst   000000
_abs                         text10       00AE02
_dbuf                        bssBANK0     000066
_dot_size                    bssCOMRAM    00005C
_dtoa                        text5        00B8B8
_dtoa$1336                   cstackCOMRAM 000018
_flags                       bssCOMRAM    00005B
_font                        bssCOMRAM    000059
_font2                       bssBANK0     000064
_fputc                       text8        00B198
_fputs                       text7        00AEA6
_frame_memory                dataBANK0    000088
_height                      bssCOMRAM    00005E
_icon1                       mediumconst  00CD2B
_letter_spacing              bssCOMRAM    00005D
_main                        text0        00C754
_pad                         text6        00B082
_prec                        bssBANK0     000062
_putch                       text9        00AD2E
_read_prec_or_width          text4        00B242
_sprintf                     text1        00AE6E
_tft_x                       dataBANK0    000086
_vfpfcnvrt                   text3        00B78A
_vfprintf                    text2        00AF22
_width                       bssCOMRAM    00005F
_width@doprnt$F1321          bssBANK0     000060
abs@a                        cstackCOMRAM 000007
dtoa@d                       cstackCOMRAM 000016
dtoa@fp                      cstackCOMRAM 000015
dtoa@i                       cstackCOMRAM 00001E
dtoa@p                       cstackCOMRAM 00001C
dtoa@s                       cstackCOMRAM 00001D
dtoa@w                       cstackCOMRAM 00001A
end_of_initialization        cinit        00AF18
fputc@c                      cstackCOMRAM 000001
fputc@fp                     cstackCOMRAM 000003
fputs@c                      cstackCOMRAM 00000B
fputs@fp                     cstackCOMRAM 00000A
fputs@i                      cstackCOMRAM 00000C
fputs@s                      cstackCOMRAM 000009
intlevel0                    text         000000
intlevel1                    text         000000
intlevel2                    text         000000
intlevel3                    text         000000
isa$std                      (abs)        000001
isa$xinst                    (abs)        000000
main@buffer1                 cstackCOMRAM 000043
main@i                       cstackCOMRAM 000057
pad@buf                      cstackCOMRAM 00000F
pad@fp                       cstackCOMRAM 00000E
pad@i                        cstackCOMRAM 000013
pad@p                        cstackCOMRAM 000010
read_prec_or_width@ap        cstackCOMRAM 000008
read_prec_or_width@c         cstackCOMRAM 000009
read_prec_or_width@fmt       cstackCOMRAM 000007
read_prec_or_width@n         cstackCOMRAM 00000A
sprintf@ap                   cstackCOMRAM 000036
sprintf@f                    cstackCOMRAM 000037
sprintf@fmt                  cstackCOMRAM 000032
sprintf@s                    cstackCOMRAM 000031
stackhi                      (abs)        000000
stacklo                      (abs)        000000
start                        init         000002
start_initialization         cinit        00AEE2
vfpfcnvrt@ap                 cstackCOMRAM 000022
vfpfcnvrt@convarg            cstackCOMRAM 000025
vfpfcnvrt@cp                 cstackCOMRAM 000029
vfpfcnvrt@fmt                cstackCOMRAM 000021
vfpfcnvrt@fp                 cstackCOMRAM 000020
vfprintf@ap                  cstackCOMRAM 00002E
vfprintf@cfmt                cstackCOMRAM 00002F
vfprintf@fmt                 cstackCOMRAM 00002C
vfprintf@fp                  cstackCOMRAM 00002B


MODULE INFORMATION

Module		Function		Class		Link	Load	Size
spi_pic18f.c
		_SPI1_Init     		CODE           	AD60	0000	18
		_SPI1_Close    		CODE           	AD34	0000	4
		_SPI1_Write    		CODE           	AD86	0000	24

spi_pic18f.c estimated size: 46

ili9341.c
		_TFT_Text      		CODE           	AFB6	0000	96
		_TFT_SetFont   		CODE           	AD72	0000	20
		_TFT_Line      		CODE           	C17A	0000	602
		_TFT_RoundEdge 		CODE           	BD5A	0000	524
		_TFT_Reset     		CODE           	ADBC	0000	32
		_TFT_Icon      		CODE           	B6AE	0000	220
		_TFT_Circle    		CODE           	BB9A	0000	448
		_TFT_Box       		CODE           	B10C	0000	140
		_TFT_Rectangle 		CODE           	B3A0	0000	178
		_TFT_SetDotSize		CODE           	AD38	0000	8
		_TFT_WriteParameter		CODE           	AD50	0000	16
		_TFT_ColumnPage		CODE           	AF64	0000	82
		_TFT_CharHeight		CODE           	AD9E	0000	30
		_TFT_RectangleRound		CODE           	B9F8	0000	418
		_TFT_WriteCommand		CODE           	AD40	0000	16
		_TFT_ConstText 		CODE           	B016	0000	108
		_TFT_WriteChar 		CODE           	C3D4	0000	896
		_TFT_Init      		CODE           	BF66	0000	532
		_TFT_Dot       		CODE           	B516	0000	204
		_TFT_FillScreen		CODE           	B5E2	0000	204

ili9341.c estimated size: 4774

C:\Program Files\Microchip\xc8\v2.46\pic\sources\c99\common\nf_fputc.c
		_fputc         		CODE           	B198	0000	170

C:\Program Files\Microchip\xc8\v2.46\pic\sources\c99\common\nf_fputc.c estimated size: 170

C:\Program Files\Microchip\xc8\v2.46\pic\sources\c99\common\awdiv.c
		___awdiv       		CODE           	B452	0000	196

C:\Program Files\Microchip\xc8\v2.46\pic\sources\c99\common\awdiv.c estimated size: 196

C:\Program Files\Microchip\xc8\v2.46\pic\sources\c99\common\doprnt.c
		_read_prec_or_width		CODE           	B242	0000	174
		_vfpfcnvrt     		CODE           	B78A	0000	302
		_pad           		CODE           	B082	0000	138
		_dtoa          		CODE           	B8B8	0000	320
		_vfprintf      		CODE           	AF22	0000	66

C:\Program Files\Microchip\xc8\v2.46\pic\sources\c99\common\doprnt.c estimated size: 1000

C:\Program Files\Microchip\xc8\v2.46\pic\sources\c99\common\nf_sprintf.c
		_sprintf       		CODE           	AE6E	0000	56

C:\Program Files\Microchip\xc8\v2.46\pic\sources\c99\common\nf_sprintf.c estimated size: 56

shared
		_Courier_New_Bold_20		MEDIUMCONST    	ED2B	0000	4758
		__initialization		CODE           	AEE2	0000	54
		_icon1         		MEDIUMCONST    	CD2B	0000	8192

shared estimated size: 13004

C:\Program Files\Microchip\xc8\v2.46\pic\sources\c99\common\putch.c
		_putch         		CODE           	AD2E	0000	2

C:\Program Files\Microchip\xc8\v2.46\pic\sources\c99\common\putch.c estimated size: 2

C:\Program Files\Microchip\xc8\v2.46\pic\sources\c99\common\Umul16.c
		___wmul        		CODE           	ADDC	0000	38

C:\Program Files\Microchip\xc8\v2.46\pic\sources\c99\common\Umul16.c estimated size: 38

C:\Program Files\Microchip\xc8\v2.46\pic\sources\c99\common\nf_fputs.c
		_fputs         		CODE           	AEA6	0000	60

C:\Program Files\Microchip\xc8\v2.46\pic\sources\c99\common\nf_fputs.c estimated size: 60

time_delay.c
		_Delay_ms      		CODE           	AE36	0000	56

time_delay.c estimated size: 56

C:\Program Files\Microchip\xc8\v2.46\pic\sources\c99\common\abs.c
		_abs           		CODE           	AE02	0000	52

C:\Program Files\Microchip\xc8\v2.46\pic\sources\c99\common\abs.c estimated size: 52

C:\Program Files\Microchip\xc8\v2.46\pic\sources\c99\common\awmod.c
		___awmod       		CODE           	B2F0	0000	176

C:\Program Files\Microchip\xc8\v2.46\pic\sources\c99\common\awmod.c estimated size: 176

main.c
		_main          		CODE           	C754	0000	1494

main.c estimated size: 1494

